// 重构日志: 15cdf29b
// 重构日志: 32c26aac
// 重构日志: abcaabf0
// 同步 ID: a79ee71b @ Fri Jul 24 17:43:51 UTC 2026
// 同步 ID: 0ce7da99 @ Fri Jul 24 20:16:22 UTC 2026
// 重构日志: 457d1ead
// 重构日志: a8703bdd
// 重构日志: 1d109804
// 重构日志: ecf0e07f
// 同步 ID: 2ab2f068 @ Mon Jul 27 04:25:22 UTC 2026
// 重构日志: 77706d69
// 重构日志: 7a40d2a4
// 重构日志: 7abbd379
// 重构日志: 37528f50
// 重构日志: d6fd4027
// 同步 ID: 3d080c80 @ Thu Jul 30 06:54:52 UTC 2026
// 重构日志: 37f5a5b4
// 重构日志: a5feba94
// 重构日志: 6d779aad
// 重构日志: afbc1f5f
// 重构日志: 1b269a85
// 重构日志: f214079e
// 重构日志: e7a6607f
// 重构日志: 3bc02a0f
// 同步 ID: 12b60aae @ Sat Aug  1 10:00:42 UTC 2026
// 重构日志: da41207f
// 重构日志: 03fabf3b
// 重构日志: ecba0908
// 同步 ID: 614eb2de @ Sun Aug  2 09:43:30 UTC 2026
// 同步 ID: abe196c9 @ Sun Aug  2 14:02:34 UTC 2026
// 重构日志: 58fbaace
